MPLINK 4.49, Linker
Linker Map File - Created Fri Jan 12 12:21:59 2018

                                 Section Info
                  Section       Type    Address   Location Size(Bytes)
                ---------  ---------  ---------  ---------  ---------
                   .org_0       code   0x000000    program   0x000000
                   .org_1       code   0x000000    program   0x000004
                   .org_2       code   0x001000    program   0x000054
.config_300000_TEMPLATEASM.O    romdata   0x300000    program   0x000001
.config_300001_TEMPLATEASM.O    romdata   0x300001    program   0x000001
.config_300002_TEMPLATEASM.O    romdata   0x300002    program   0x000001
.config_300003_TEMPLATEASM.O    romdata   0x300003    program   0x000001
.config_300005_TEMPLATEASM.O    romdata   0x300005    program   0x000001
.config_300006_TEMPLATEASM.O    romdata   0x300006    program   0x000001
.config_300008_TEMPLATEASM.O    romdata   0x300008    program   0x000001
.config_300009_TEMPLATEASM.O    romdata   0x300009    program   0x000001
.config_30000A_TEMPLATEASM.O    romdata   0x30000a    program   0x000001
.config_30000B_TEMPLATEASM.O    romdata   0x30000b    program   0x000001
.config_30000C_TEMPLATEASM.O    romdata   0x30000c    program   0x000001
.config_30000D_TEMPLATEASM.O    romdata   0x30000d    program   0x000001



                              Program Memory Usage 
                               Start         End      
                           ---------   ---------      
                            0x000000    0x000003      
                            0x001000    0x001053      
                            0x300000    0x300003      
                            0x300005    0x300006      
                            0x300008    0x30000d      
            100 out of 33048 program addresses used, program memory utilization is 0%



                              Symbols - Sorted by Name
                     Name    Address   Location    Storage File                     
                ---------  ---------  ---------  --------- ---------                
                 CPUERTOS   0x001018    program     static E:\EUSART\templateASM.asm
                   CUSART   0x00101c    program     static E:\EUSART\templateASM.asm
                     ETQ1   0x00100c    program     static E:\EUSART\templateASM.asm
                     Main   0x001000    program     static E:\EUSART\templateASM.asm
             RESET_VECTOR   0x000000    program     static E:\EUSART\templateASM.asm
                   RXBYTE   0x001048    program     static E:\EUSART\templateASM.asm
                   TXBYTE   0x00103c    program     static E:\EUSART\templateASM.asm



                              Symbols - Sorted by Address
                     Name    Address   Location    Storage File                     
                ---------  ---------  ---------  --------- ---------                
             RESET_VECTOR   0x000000    program     static E:\EUSART\templateASM.asm
                     Main   0x001000    program     static E:\EUSART\templateASM.asm
                     ETQ1   0x00100c    program     static E:\EUSART\templateASM.asm
                 CPUERTOS   0x001018    program     static E:\EUSART\templateASM.asm
                   CUSART   0x00101c    program     static E:\EUSART\templateASM.asm
                   TXBYTE   0x00103c    program     static E:\EUSART\templateASM.asm
                   RXBYTE   0x001048    program     static E:\EUSART\templateASM.asm


