MPLINK 4.49, Linker
Linker Map File - Created Wed Jan 10 12:08:10 2018

                                 Section Info
                  Section       Type    Address   Location Size(Bytes)
                ---------  ---------  ---------  ---------  ---------
                   .org_0       code   0x000000    program   0x000000
                   .org_1       code   0x000000    program   0x000004
                   .org_2       code   0x000008    program   0x000004
                   .org_3       code   0x000018    program   0x000004
                   .org_4       code   0x001000    program   0x000004
                   .org_5       code   0x001008    program   0x000004
                   .org_6       code   0x001018    program   0x00003c
.config_300000_INTERRUPT.O    romdata   0x300000    program   0x000001
.config_300001_INTERRUPT.O    romdata   0x300001    program   0x000001
.config_300002_INTERRUPT.O    romdata   0x300002    program   0x000001
.config_300003_INTERRUPT.O    romdata   0x300003    program   0x000001
.config_300005_INTERRUPT.O    romdata   0x300005    program   0x000001
.config_300006_INTERRUPT.O    romdata   0x300006    program   0x000001
.config_300008_INTERRUPT.O    romdata   0x300008    program   0x000001
.config_300009_INTERRUPT.O    romdata   0x300009    program   0x000001
.config_30000A_INTERRUPT.O    romdata   0x30000a    program   0x000001
.config_30000B_INTERRUPT.O    romdata   0x30000b    program   0x000001
.config_30000C_INTERRUPT.O    romdata   0x30000c    program   0x000001
.config_30000D_INTERRUPT.O    romdata   0x30000d    program   0x000001



                              Program Memory Usage 
                               Start         End      
                           ---------   ---------      
                            0x000000    0x000003      
                            0x000008    0x00000b      
                            0x000018    0x00001b      
                            0x001000    0x001003      
                            0x001008    0x00100b      
                            0x001018    0x001053      
                            0x300000    0x300003      
                            0x300005    0x300006      
                            0x300008    0x30000d      
            92 out of 33048 program addresses used, program memory utilization is 0%



                              Symbols - Sorted by Name
                     Name    Address   Location    Storage File                     
                ---------  ---------  ---------  --------- ---------                
                 CPUERTOS   0x00102c    program     static E:\INTERRUPCIONES\interrupt.asm
                    CTMR0   0x001036    program     static E:\INTERRUPCIONES\interrupt.asm
                      ET1   0x001026    program     static E:\INTERRUPCIONES\interrupt.asm
      HIGHPRIORITY_VECTOR   0x000008    program     static E:\INTERRUPCIONES\interrupt.asm
               HighPr_ISR   0x001008    program     static E:\INTERRUPCIONES\interrupt.asm
                   INICIO   0x00101a    program     static E:\INTERRUPCIONES\interrupt.asm
       LOWPRIORITY_VECTOR   0x000018    program     static E:\INTERRUPCIONES\interrupt.asm
                LowPr_ISR   0x001018    program     static E:\INTERRUPCIONES\interrupt.asm
             RESET_VECTOR   0x000000    program     static E:\INTERRUPCIONES\interrupt.asm
                   RSTMR0   0x001046    program     static E:\INTERRUPCIONES\interrupt.asm
                   _Reset   0x001000    program     static E:\INTERRUPCIONES\interrupt.asm



                              Symbols - Sorted by Address
                     Name    Address   Location    Storage File                     
                ---------  ---------  ---------  --------- ---------                
             RESET_VECTOR   0x000000    program     static E:\INTERRUPCIONES\interrupt.asm
      HIGHPRIORITY_VECTOR   0x000008    program     static E:\INTERRUPCIONES\interrupt.asm
       LOWPRIORITY_VECTOR   0x000018    program     static E:\INTERRUPCIONES\interrupt.asm
                   _Reset   0x001000    program     static E:\INTERRUPCIONES\interrupt.asm
               HighPr_ISR   0x001008    program     static E:\INTERRUPCIONES\interrupt.asm
                LowPr_ISR   0x001018    program     static E:\INTERRUPCIONES\interrupt.asm
                   INICIO   0x00101a    program     static E:\INTERRUPCIONES\interrupt.asm
                      ET1   0x001026    program     static E:\INTERRUPCIONES\interrupt.asm
                 CPUERTOS   0x00102c    program     static E:\INTERRUPCIONES\interrupt.asm
                    CTMR0   0x001036    program     static E:\INTERRUPCIONES\interrupt.asm
                   RSTMR0   0x001046    program     static E:\INTERRUPCIONES\interrupt.asm


